   128  2048  7168 |      11.1us    339TF | clk 2062/2062
   128 24576  1536 |       9.5us   1016TF | clk 2062/2062
   512  2048  7168 |      11.5us   1312TF | clk 2062/2062
   512  7168  2048 |      10.0us   1502TF | clk 2062/2062
  1024  1024  1024 |       6.4us    335TF | clk 2062/2062
  1024  2048  8192 |      13.3us   2584TF | clk 2062/2062
  1024  4096  4096 |      12.8us   2682TF | clk 2062/2062
  1024  4096 16384 |      29.8us   4619TF | clk 2062/2062
  1024  7168  2048 |      13.8us   2182TF | clk 2062/2062
  1024  8192  2048 |      14.2us   2424TF | clk 2062/2062
  1024  8192  8192 |      30.9us   4452TF | clk 2062/2062
  1024 11008  4096 |      27.4us   3370TF | clk 2062/2062
  1024 16384  4096 |      35.5us   3873TF | clk 2062/2062
  1536  1536  1536 |       7.8us    924TF | clk 2062/2062
  2048  2048  2048 |       9.8us   1746TF | clk 2062/2062
  2048  2048  8192 |      17.6us   3913TF | clk 2062/2062
  2048  4096  4096 |      20.1us   3426TF | clk 2062/2062
  2048  4096 16384 |      50.9us   5401TF | clk 2062/2062
  2048  8192  2048 |      23.0us   2994TF | clk 2062/2062
  2048  8192  8192 |      54.5us   5044TF | clk 2062/2062
  2048 11008  4096 |      40.2us   4598TF | clk 2062/2062
  2048 16384  4096 |      62.5us   4402TF | clk 2062/2062
  3072  3072  3072 |      17.9us   3245TF | clk 2062/2062
  4096  2048  8192 |      28.0us   4909TF | clk 2062/2062
  4096  4096  4096 |      33.3us   4132TF | clk 2062/2062
  4096  4096  7168 |      46.9us   5123TF | clk 2062/2062
  4096  4096 16384 |      98.6us   5578TF | clk 2062/2062
  4096  8192  2048 |      41.4us   3320TF | clk 2062/2062
  4096  8192  8192 |     102.5us   5364TF | clk 2062/2062
  4096 11008  4096 |      77.5us   4766TF | clk 2062/2062
  4096 16384  4096 |     121.2us   4535TF | clk 2062/2062
  5120  5120  5120 |      54.9us   4893TF | clk 2062/2062
  6144  6144  6144 |      90.4us   5129TF | clk 2062/2062
  8192  2048  8192 |      52.8us   5203TF | clk 2062/2062
  8192  4096  4096 |      61.5us   4471TF | clk 2062/2062
  8192  4096 16384 |     180.9us   6077TF | clk 2062/2062
  8192  8192  2048 |      79.8us   3447TF | clk 2062/2062
  8192  8192  8192 |     194.7us   5646TF | clk 2062/2062
  8192 11008  4096 |     161.7us   4569TF | clk 2062/2062
  8192 16384  4096 |     229.1us   4799TF | clk 2062/2062
 12288 12288 12288 |     573.6us   6469TF | clk 2062/2062
 16384  2048  8192 |     101.3us   5425TF | clk 2062/2062
 16384  4096  4096 |     117.8us   4667TF | clk 2062/2062
 16384  4096 16384 |     349.2us   6297TF | clk 2062/2062
 16384  8192  2048 |     150.5us   3654TF | clk 2062/2062
 16384  8192  8192 |     366.0us   6008TF | clk 2062/2062
 16384 11008  4096 |     308.6us   4787TF | clk 2062/2062
 16384 16384  4096 |     448.2us   4906TF | clk 2062/2062
 16384 16384 16384 |    1260.0us   6981TF | clk 2062/2017
 16384 12288  8192 |     534.5us   6171TF | clk 2062/2017
 16384 12288 12288 |     741.4us   6673TF | clk 2062/2062
 16384 12288 16384 |     958.2us   6885TF | clk 2062/2062
 16384 16384  6144 |     558.1us   5910TF | clk 2062/2062
 32768 16384 32768 |    5270.0us   6676TF | clk 1545/1477
 32768 32768 16384 |    5470.0us   6432TF | clk 1582/1582
 32768 32768 32768 |   11538.0us   6099TF | clk 1477/1290
 16384 16384 32768 |    2525.0us   6967TF | clk 1732/1665
 32768 16384 32768 |    5236.0us   6720TF | clk 1605/1560
 32768 32768  8192 |    2842.0us   6190TF | clk 2062/1732
 32768 32768  6144 |    2205.0us   5984TF | clk 2062/1995
 32768  8192 16384 |    1279.0us   6877TF | clk 2062/1927
 32768  8192 32768 |    2564.0us   6861TF | clk 1800/1642
 32768 12288 16384 |    1926.0us   6851TF | clk 2062/1800
 32768 12288 32768 |    3968.0us   6650TF | clk 1747/1477

Done -> /root/workspace/gb_gemm_benchmark/DeepGEMM/exp/results/bench_kineto.csv
