
===== shape 16384x16384x16384 =====
  kernel~1.387ms, HBM write BW~7.6TB/s
  [A] bench_kineto       rep0:  6883TF clk 2062/2062/2062
  [A] bench_kineto       rep1:  6861TF clk 2062/2062/2062
  [A] bench_kineto       rep2:  6861TF clk 2062/2062/2062
  [A] event(B)           rep0:  6543TF clk 2062/2062/2062
  [A] event(B)           rep1:  6502TF clk 2062/2062/2062
  [A] event(B)           rep2:  6507TF clk 1882/1882/1882
  [A] graph              rep0:  6566TF clk 2062/2062/2062
  [A] graph              rep1:  6520TF clk 2062/2062/2062
  [A] graph              rep2:  6593TF clk 2062/2062/2062
  [A] event+sync         rep0:  6698TF clk 1845/1845/1845
  [A] event+sync         rep1:  6706TF clk 1845/1845/1845
  [A] event+sync         rep2:  6703TF clk 2062/2062/2062
  [B] nt=1               rep0:  6719TF clk 2062/2062/2062
  [B] nt=1               rep1:  6616TF clk 2062/2062/2062
  [B] nt=1               rep2:  6657TF clk 1912/1912/1912
  [B] nt=5               rep0:  6664TF clk 1912/1912/1912
  [B] nt=5               rep1:  6689TF clk 1912/1912/1912
  [B] nt=5               rep2:  6639TF clk 2055/2055/2055
  [B] nt=10              rep0:  6633TF clk 2055/2055/2055
  [B] nt=10              rep1:  6689TF clk 2055/2055/2062
  [B] nt=10              rep2:  6674TF clk 2062/2062/2062
  [B] nt=30              rep0:  6690TF clk 2062/2062/2062
  [B] nt=30              rep1:  6647TF clk 2062/2062/2062
  [B] nt=30              rep2:  6684TF clk 2062/2062/2062
  [C] br=none            rep0:  6521TF clk 2062/2062/2062
  [C] br=none            rep1:  5940TF clk 2062/2062/2062
  [C] br=none            rep2:  5801TF clk 1755/1755/1755
  [C] br=flush8          rep0:  6303TF clk 1755/1755/1755
  [C] br=flush8          rep1:  6643TF clk 1867/1867/1867
  [C] br=flush8          rep2:  6649TF clk 1867/1867/1867
  [C] br=flush32         rep0:  6703TF clk 2062/2062/2062
  [C] br=flush32         rep1:  6706TF clk 2062/2062/2062
  [C] br=flush32         rep2:  6706TF clk 2062/2062/2062
  [C] br=flushA          rep0:  6705TF clk 2062/2062/2062
  [C] br=flushA          rep1:  6698TF clk 2062/2062/2062
  [C] br=flushA          rep2:  6704TF clk 2062/2062/2062
  [C] br=sleep           rep0:  6716TF clk 2062/2062/2062
  [C] br=sleep           rep1:  6713TF clk 2062/2062/2062
  [C] br=sleep           rep2:  6705TF clk 2062/2062/2062
  [D] wu=2               rep0:  6692TF clk 2062/2062/2062
  [D] wu=2               rep1:  6688TF clk 2062/2062/2062
  [D] wu=2               rep2:  6671TF clk 2062/2062/2062
  [D] wu=10              rep0:  6681TF clk 2010/2010/2010
  [D] wu=10              rep1:  6652TF clk 2010/2010/2010
  [D] wu=10              rep2:  6692TF clk 1912/1912/1912
  [D] wu=30              rep0:  6677TF clk 1912/2062/2062
  [D] wu=30              rep1:  6657TF clk 2055/2062/2062
  [D] wu=30              rep2:  6625TF clk 1957/2055/2055
  [D] wu=60              rep0:  6640TF clk 2062/2062/2062
  [D] wu=60              rep1:  6643TF clk 2010/2010/2010
  [D] wu=60              rep2:  6649TF clk 2032/2032/2032
  [D] wu10+idle0.5       rep0:  6579TF clk 2062/2062/2062
  [D] wu10+idle0.5       rep1:  6583TF clk 2062/2062/2062
  [D] wu10+idle0.5       rep2:  6566TF clk 2062/2062/2062
  [E] graph+nt5+flush32  rep0:  6589TF clk 2062/2062/2062
  [E] graph+nt5+flush32  rep1:  6579TF clk 2062/2062/2062
  [E] graph+nt5+flush32  rep2:  6577TF clk 2062/2062/2062
  [E] event+nt5+flushA   rep0:  6573TF clk 2062/2062/2062
  [E] event+nt5+flushA   rep1:  6552TF clk 2062/2062/2062
  [E] event+nt5+flushA   rep2:  6704TF clk 2062/2062/2062
  [E] event+nt1+sleep    rep0:  6698TF clk 2062/2062/2062
  [E] event+nt1+sleep    rep1:  6719TF clk 2062/2062/2062
  [E] event+nt1+sleep    rep2:  6730TF clk 2062/2062/2062

===== shape 16384x16384x32768 =====
  kernel~2.654ms, HBM write BW~6.3TB/s
  [A] bench_kineto       rep0:  6932TF clk 1477/1477/2062
  [A] bench_kineto       rep1:  6989TF clk 1477/1477/1665
  [A] bench_kineto       rep2:  7108TF clk 1665/1665/1770
  [A] event(B)           rep0:  6638TF clk 1770/1770/1770
  [A] event(B)           rep1:  6599TF clk 1695/1695/1695
  [A] event(B)           rep2:  6495TF clk 1650/1650/1695
  [A] graph              rep0:  6738TF clk 2025/2025/2025
  [A] graph              rep1:  6544TF clk 1755/1755/1755
  [A] graph              rep2:  6598TF clk 1642/1642/1755
  [A] event+sync         rep0:  6554TF clk 1642/1642/1642
  [A] event+sync         rep1:  6601TF clk 1642/1642/1642
  [A] event+sync         rep2:  6576TF clk 1657/1657/1657
  [B] nt=1               rep0:  6619TF clk 1657/1657/1657
  [B] nt=1               rep1:  6556TF clk 1740/1740/1740
  [B] nt=1               rep2:  6749TF clk 1740/1740/1740
  [B] nt=5               rep0:  6522TF clk 1695/1695/1695
  [B] nt=5               rep1:  6335TF clk 1695/1695/1695
  [B] nt=5               rep2:  6342TF clk 1537/1537/1537
  [B] nt=10              rep0:  6726TF clk 1537/1545/1545
  [B] nt=10              rep1:  6592TF clk 1545/1545/1642
  [B] nt=10              rep2:  6571TF clk 1642/1642/1642
  [B] nt=30              rep0:  6706TF clk 1642/1642/1732
  [B] nt=30              rep1:  6666TF clk 1695/1695/1732
  [B] nt=30              rep2:  6578TF clk 1642/1672/1672
  [C] br=none            rep0:  5985TF clk 1642/1642/1642
  [C] br=none            rep1:  5492TF clk 1642/1642/1642
  [C] br=none            rep2:  5585TF clk 1290/1290/1642
  [C] br=flush8          rep0:  6301TF clk 1290/1290/1537
  [C] br=flush8          rep1:  6603TF clk 1537/1537/1537
  [C] br=flush8          rep2:  6483TF clk 1657/1657/1657
  [C] br=flush32         rep0:  6895TF clk 1680/1680/1680
  [C] br=flush32         rep1:  6819TF clk 2062/2062/2062
  [C] br=flush32         rep2:  6814TF clk 2062/2062/2062
  [C] br=flushA          rep0:  6814TF clk 2062/2062/2062
  [C] br=flushA          rep1:  6806TF clk 2062/2062/2062
  [C] br=flushA          rep2:  6811TF clk 2062/2062/2062
  [C] br=sleep           rep0:  6836TF clk 2062/2062/2062
  [C] br=sleep           rep1:  6833TF clk 2062/2062/2062
  [C] br=sleep           rep2:  6834TF clk 2062/2062/2062
  [D] wu=2               rep0:  6807TF clk 2062/2062/2062
  [D] wu=2               rep1:  6787TF clk 2062/2062/2062
  [D] wu=2               rep2:  6549TF clk 2062/2062/2062
  [D] wu=10              rep0:  6721TF clk 1635/1635/1635
  [D] wu=10              rep1:  6685TF clk 1635/1695/1695
  [D] wu=10              rep2:  6735TF clk 1695/1695/1695
  [D] wu=30              rep0:  6771TF clk 1717/1717/1717
  [D] wu=30              rep1:  6477TF clk 1792/1792/1792
  [D] wu=30              rep2:  6581TF clk 1582/1582/1582
  [D] wu=60              rep0:  6396TF clk 1605/1605/1665
  [D] wu=60              rep1:  6546TF clk 1627/1627/1627
  [D] wu=60              rep2:  6541TF clk 1627/1627/1627
  [D] wu10+idle0.5       rep0:  6690TF clk 2062/2062/2062
  [D] wu10+idle0.5       rep1:  6687TF clk 2062/2062/2062
  [D] wu10+idle0.5       rep2:  6687TF clk 2062/2062/2062
  [E] graph+nt5+flush32  rep0:  6839TF clk 2062/2062/2062
  [E] graph+nt5+flush32  rep1:  6845TF clk 2062/2062/2062
  [E] graph+nt5+flush32  rep2:  6847TF clk 2062/2062/2062
  [E] event+nt5+flushA   rep0:  6836TF clk 2062/2062/2062
  [E] event+nt5+flushA   rep1:  6826TF clk 2062/2062/2062
  [E] event+nt5+flushA   rep2:  6828TF clk 2062/2062/2062
  [E] event+nt1+sleep    rep0:  6843TF clk 2062/2062/2062
  [E] event+nt1+sleep    rep1:  6827TF clk 2062/2062/2062
  [E] event+nt1+sleep    rep2:  6849TF clk 2062/2062/2062

===== shape 32768x16384x16384 =====
  kernel~2.599ms, HBM write BW~7.6TB/s
  [A] bench_kineto       rep0:  6923TF clk 1905/1905/2062
  [A] bench_kineto       rep1:  6840TF clk 1732/1732/1905
  [A] bench_kineto       rep2:  6859TF clk 1717/1732/1732
  [A] event(B)           rep0:  6841TF clk 1717/1717/2062
  [A] event(B)           rep1:  6678TF clk 2062/2062/2062
  [A] event(B)           rep2:  6689TF clk 1747/1747/1747
  [A] graph              rep0:  6499TF clk 1740/1740/1740
  [A] graph              rep1:  6469TF clk 1672/1672/1740
  [A] graph              rep2:  6544TF clk 1672/1672/1725
  [A] event+sync         rep0:  6482TF clk 1725/1725/1725
  [A] event+sync         rep1:  6529TF clk 1680/1680/1680
  [A] event+sync         rep2:  6650TF clk 1680/1680/1680
  [B] nt=1               rep0:  6586TF clk 1680/1680/1680
  [B] nt=1               rep1:  6409TF clk 1702/1702/1702
  [B] nt=1               rep2:  6558TF clk 1702/1702/1702
  [B] nt=5               rep0:  6501TF clk 1740/1740/1740
  [B] nt=5               rep1:  6543TF clk 1740/1740/1740
  [B] nt=5               rep2:  6610TF clk 1635/1635/1635
  [B] nt=10              rep0:  6416TF clk 1635/1635/1635
  [B] nt=10              rep1:  6291TF clk 1635/1635/1635
  [B] nt=10              rep2:  6593TF clk 1612/1612/1612
  [B] nt=30              rep0:  6478TF clk 1627/1717/1717
  [B] nt=30              rep1:  6503TF clk 1627/1650/1650
  [B] nt=30              rep2:  6592TF clk 1642/1657/1657
  [C] br=none            rep0:  6185TF clk 1642/1642/1642
  [C] br=none            rep1:  5462TF clk 1455/1455/1455
  [C] br=none            rep2:  5557TF clk 1357/1406/1455
  [C] br=flush8          rep0:  6537TF clk 1357/1357/1357
  [C] br=flush8          rep1:  6556TF clk 1470/1470/1470
  [C] br=flush8          rep2:  6516TF clk 1665/1665/1665
  [C] br=flush32         rep0:  6887TF clk 1672/1672/1672
  [C] br=flush32         rep1:  6805TF clk 2062/2062/2062
  [C] br=flush32         rep2:  6819TF clk 2062/2062/2062
  [C] br=flushA          rep0:  6808TF clk 2062/2062/2062
  [C] br=flushA          rep1:  6810TF clk 2062/2062/2062
  [C] br=flushA          rep2:  6814TF clk 2062/2062/2062
  [C] br=sleep           rep0:  6816TF clk 2062/2062/2062
  [C] br=sleep           rep1:  6817TF clk 2062/2062/2062
  [C] br=sleep           rep2:  6818TF clk 2062/2062/2062
  [D] wu=2               rep0:  6864TF clk 2062/2062/2062
  [D] wu=2               rep1:  6682TF clk 2062/2062/2062
  [D] wu=2               rep2:  6602TF clk 1732/2062/2062
  [D] wu=10              rep0:  6550TF clk 1732/1732/1732
  [D] wu=10              rep1:  6707TF clk 1695/1695/1695
  [D] wu=10              rep2:  6645TF clk 1747/1747/1747
  [D] wu=30              rep0:  6550TF clk 1710/1710/1710
  [D] wu=30              rep1:  6282TF clk 1695/1695/1695
  [D] wu=30              rep2:  6488TF clk 1627/1627/1627
  [D] wu=60              rep0:  6610TF clk 1695/1695/1695
  [D] wu=60              rep1:  6615TF clk 1695/1695/1740
  [D] wu=60              rep2:  6362TF clk 1627/1627/1627
  [D] wu10+idle0.5       rep0:  6706TF clk 2062/2062/2062
  [D] wu10+idle0.5       rep1:  6671TF clk 2062/2062/2062
  [D] wu10+idle0.5       rep2:  6676TF clk 2062/2062/2062
  [E] graph+nt5+flush32  rep0:  6839TF clk 2062/2062/2062
  [E] graph+nt5+flush32  rep1:  6834TF clk 2062/2062/2062
  [E] graph+nt5+flush32  rep2:  6826TF clk 2062/2062/2062
  [E] event+nt5+flushA   rep0:  6831TF clk 2062/2062/2062
  [E] event+nt5+flushA   rep1:  6831TF clk 2062/2062/2062
  [E] event+nt5+flushA   rep2:  6823TF clk 2062/2062/2062
  [E] event+nt1+sleep    rep0:  6821TF clk 2062/2062/2062
  [E] event+nt1+sleep    rep1:  6822TF clk 2062/2062/2062
  [E] event+nt1+sleep    rep2:  6833TF clk 2062/2062/2062

===== shape 32768x16384x32768 =====
  kernel~5.117ms, HBM write BW~5.9TB/s
  [A] bench_kineto       rep0:  6690TF clk 1387/1387/2062
  [A] bench_kineto       rep1:  6546TF clk 1387/1545/1545
  [A] bench_kineto       rep2:  6692TF clk 1432/1507/1507
  [A] event(B)           rep0:  6114TF clk 1425/1567/1567
  [A] event(B)           rep1:  5976TF clk 1372/1372/1372
  [A] event(B)           rep2:  6250TF clk 1402/1402/1477
  [A] graph              rep0:  6353TF clk 2002/2002/2002
  [A] graph              rep1:  6330TF clk 1500/1507/1507
  [A] graph              rep2:  6445TF clk 1500/1545/1545
  [A] event+sync         rep0:  6310TF clk 1582/1582/1582
  [A] event+sync         rep1:  6094TF clk 1492/1492/1515
  [A] event+sync         rep2:  6118TF clk 1432/1432/1515
  [B] nt=1               rep0:  6469TF clk 1500/1500/1500
  [B] nt=1               rep1:  5986TF clk 1395/1395/1395
  [B] nt=1               rep2:  6446TF clk 1395/1395/1395
  [B] nt=5               rep0:  6299TF clk 1545/1545/1545
  [B] nt=5               rep1:  6289TF clk 1462/1462/1462
  [B] nt=5               rep2:  6307TF clk 1477/1477/1492
  [B] nt=10              rep0:  6378TF clk 1470/1470/1492
  [B] nt=10              rep1:  6227TF clk 1522/1522/1522
  [B] nt=10              rep2:  6217TF clk 1432/1432/1477
  [B] nt=30              rep0:  6197TF clk 1455/1477/1477
  [B] nt=30              rep1:  6239TF clk 1455/1455/1492
  [B] nt=30              rep2:  6139TF clk 1410/1455/1492
  [C] br=none            rep0:  5462TF clk 1462/1462/1462
  [C] br=none            rep1:  5542TF clk 1290/1290/1297
  [C] br=none            rep2:  5650TF clk 1290/1297/1297
  [C] br=flush8          rep0:  6210TF clk 1290/1290/1290
  [C] br=flush8          rep1:  6322TF clk 1455/1455/1455
  [C] br=flush8          rep2:  6333TF clk 1455/1500/1500
  [C] br=flush32         rep0:  7026TF clk 1470/1470/1860
  [C] br=flush32         rep1:  7012TF clk 1965/1965/1965
  [C] br=flush32         rep2:  7071TF clk 2032/2032/2055
  [C] br=flushA          rep0:  7081TF clk 2062/2062/2062
  [C] br=flushA          rep1:  7078TF clk 2062/2062/2062
  [C] br=flushA          rep2:  7077TF clk 2062/2062/2062
  [C] br=sleep           rep0:  6936TF clk 2062/2062/2062
  [C] br=sleep           rep1:  7019TF clk 2062/2062/2062
  [C] br=sleep           rep2:  6943TF clk 2062/2062/2062
  [D] wu=2               rep0:  6877TF clk 2062/2062/2062
  [D] wu=2               rep1:  6411TF clk 1530/2062/2062
  [D] wu=2               rep2:  6382TF clk 1500/1530/1530
  [D] wu=10              rep0:  6436TF clk 1500/1567/1567
  [D] wu=10              rep1:  6428TF clk 1560/1560/1560
  [D] wu=10              rep2:  6202TF clk 1477/1537/1537
  [D] wu=30              rep0:  6244TF clk 1425/1425/1425
  [D] wu=30              rep1:  6393TF clk 1522/1522/1522
  [D] wu=30              rep2:  6261TF clk 1477/1477/1485
  [D] wu=60              rep0:  6151TF clk 1432/1432/1455
  [D] wu=60              rep1:  6276TF clk 1477/1515/1515
  [D] wu=60              rep2:  6234TF clk 1530/1530/1530
  [D] wu10+idle0.5       rep0:  6929TF clk 2062/2062/2062
  [D] wu10+idle0.5       rep1:  6786TF clk 2062/2062/2062
  [D] wu10+idle0.5       rep2:  6786TF clk 2062/2062/2062
  [E] graph+nt5+flush32  rep0:  6915TF clk 1492/1492/1695
  [E] graph+nt5+flush32  rep1:  6904TF clk 1852/1852/1852
  [E] graph+nt5+flush32  rep2:  6925TF clk 1912/1912/1912
  [E] event+nt5+flushA   rep0:  6942TF clk 2062/2062/2062
  [E] event+nt5+flushA   rep1:  6933TF clk 2062/2062/2062
  [E] event+nt5+flushA   rep2:  6932TF clk 2062/2062/2062
  [E] event+nt1+sleep    rep0:  6925TF clk 2062/2062/2062
  [E] event+nt1+sleep    rep1:  6948TF clk 2062/2062/2062
  [E] event+nt1+sleep    rep2:  6942TF clk 2062/2062/2062

===== shape 8192x32768x32768 =====
  kernel~2.635ms, HBM write BW~7.5TB/s
  [A] bench_kineto       rep0:  6859TF clk 1852/1852/2062
  [A] bench_kineto       rep1:  7071TF clk 1852/1852/2062
  [A] bench_kineto       rep2:  7105TF clk 1800/2062/2062
  [A] event(B)           rep0:  6749TF clk 1800/1800/1800
  [A] event(B)           rep1:  6720TF clk 1852/1852/1852
  [A] event(B)           rep2:  6600TF clk 1740/1740/1740
  [A] graph              rep0:  6840TF clk 1732/1732/1732
  [A] graph              rep1:  6773TF clk 1732/1800/1800
  [A] graph              rep2:  6732TF clk 1785/1800/1800
  [A] event+sync         rep0:  6723TF clk 1785/1785/1785
  [A] event+sync         rep1:  6555TF clk 1702/1702/1702
  [A] event+sync         rep2:  6640TF clk 1702/1740/1740
  [B] nt=1               rep0:  6568TF clk 1740/1740/1740
  [B] nt=1               rep1:  6400TF clk 1665/1665/1665
  [B] nt=1               rep2:  6506TF clk 1665/1665/1665
  [B] nt=5               rep0:  6439TF clk 1695/1695/1695
  [B] nt=5               rep1:  6523TF clk 1695/1695/1695
  [B] nt=5               rep2:  6309TF clk 1650/1650/1650
  [B] nt=10              rep0:  6279TF clk 1590/1650/1650
  [B] nt=10              rep1:  6545TF clk 1590/1590/1590
  [B] nt=10              rep2:  6618TF clk 1680/1680/1680
  [B] nt=30              rep0:  6514TF clk 1642/1710/1710
  [B] nt=30              rep1:  6551TF clk 1642/1680/1680
  [B] nt=30              rep2:  6495TF clk 1627/1627/1642
  [C] br=none            rep0:  6405TF clk 1642/1642/1642
  [C] br=none            rep1:  5686TF clk 1665/1665/1665
  [C] br=none            rep2:  5500TF clk 1320/1665/1665
  [C] br=flush8          rep0:  5906TF clk 1275/1320/1320
  [C] br=flush8          rep1:  6488TF clk 1275/1275/1275
  [C] br=flush8          rep2:  6646TF clk 1680/1680/1680
  [C] br=flush32         rep0:  6741TF clk 1657/1657/1657
  [C] br=flush32         rep1:  6740TF clk 2062/2062/2062
  [C] br=flush32         rep2:  6741TF clk 2062/2062/2062
  [C] br=flushA          rep0:  6750TF clk 2062/2062/2062
  [C] br=flushA          rep1:  6746TF clk 2062/2062/2062
  [C] br=flushA          rep2:  6738TF clk 2062/2062/2062
  [C] br=sleep           rep0:  6762TF clk 2062/2062/2062
  [C] br=sleep           rep1:  6758TF clk 2062/2062/2062
  [C] br=sleep           rep2:  6758TF clk 2062/2062/2062
  [D] wu=2               rep0:  6728TF clk 2062/2062/2062
  [D] wu=2               rep1:  6791TF clk 2062/2062/2062
  [D] wu=2               rep2:  6676TF clk 1740/2062/2062
  [D] wu=10              rep0:  6721TF clk 1740/1740/1740
  [D] wu=10              rep1:  6641TF clk 1755/1755/1755
  [D] wu=10              rep2:  6657TF clk 1740/1740/1755
  [D] wu=30              rep0:  6652TF clk 1732/1732/1732
  [D] wu=30              rep1:  6391TF clk 1635/1635/1725
  [D] wu=30              rep2:  6502TF clk 1567/1567/1567
  [D] wu=60              rep0:  6599TF clk 1702/1702/1702
  [D] wu=60              rep1:  6533TF clk 1612/1612/1657
  [D] wu=60              rep2:  6417TF clk 1657/1657/1657
  [D] wu10+idle0.5       rep0:  6621TF clk 2062/2062/2062
  [D] wu10+idle0.5       rep1:  6621TF clk 2062/2062/2062
  [D] wu10+idle0.5       rep2:  6628TF clk 2062/2062/2062
  [E] graph+nt5+flush32  rep0:  6625TF clk 2062/2062/2062
  [E] graph+nt5+flush32  rep1:  6765TF clk 2062/2062/2062
  [E] graph+nt5+flush32  rep2:  6756TF clk 2062/2062/2062
  [E] event+nt5+flushA   rep0:  6768TF clk 2062/2062/2062
  [E] event+nt5+flushA   rep1:  6769TF clk 2062/2062/2062
  [E] event+nt5+flushA   rep2:  6758TF clk 2062/2062/2062
  [E] event+nt1+sleep    rep0:  6773TF clk 2062/2062/2062
  [E] event+nt1+sleep    rep1:  6763TF clk 2062/2062/2062
  [E] event+nt1+sleep    rep2:  6773TF clk 2062/2062/2062

===== shape 32768x32768x8192 =====
  kernel~2.821ms, HBM write BW~7.0TB/s
  [A] bench_kineto       rep0:  6245TF clk 1830/2062/2062
  [A] bench_kineto       rep1:  6249TF clk 1830/1830/1830
  [A] bench_kineto       rep2:  6326TF clk 1830/1852/1852
  [A] event(B)           rep0:  6074TF clk 1800/1800/1800
  [A] event(B)           rep1:  6063TF clk 1702/1702/1800
  [A] event(B)           rep2:  5941TF clk 1702/1702/1747
  [A] graph              rep0:  6155TF clk 1747/2062/2062
  [A] graph              rep1:  5771TF clk 1762/1912/2062
  [A] graph              rep2:  5805TF clk 1695/1762/1762
  [A] event+sync         rep0:  6069TF clk 1695/1695/1695
  [A] event+sync         rep1:  6091TF clk 1672/1672/1672
  [A] event+sync         rep2:  6190TF clk 1785/1785/1785
  [B] nt=1               rep0:  6197TF clk 1785/1785/1785
  [B] nt=1               rep1:  5726TF clk 1822/1822/1822
  [B] nt=1               rep2:  5979TF clk 1822/1822/1822
  [B] nt=5               rep0:  5852TF clk 1762/1762/1762
  [B] nt=5               rep1:  5621TF clk 1710/1762/1762
  [B] nt=5               rep2:  5914TF clk 1710/1710/1710
  [B] nt=10              rep0:  5641TF clk 1725/1725/1725
  [B] nt=10              rep1:  5801TF clk 1665/1665/1725
  [B] nt=10              rep2:  6190TF clk 1665/1665/1755
  [B] nt=30              rep0:  6046TF clk 1755/1830/1830
  [B] nt=30              rep1:  6109TF clk 1740/1740/1822
  [B] nt=30              rep2:  6095TF clk 1822/1965/1965
  [C] br=none            rep0:  5278TF clk 1837/1837/1837
  [C] br=none            rep1:  5106TF clk 1447/1447/1837
  [C] br=none            rep2:  5135TF clk 1447/1447/1447
  [C] br=flush8          rep0:  5844TF clk 1477/1477/1477
  [C] br=flush8          rep1:  5785TF clk 1695/1695/1695
  [C] br=flush8          rep2:  5864TF clk 1695/1695/1695
  [C] br=flush32         rep0:  6322TF clk 1672/1672/1672
  [C] br=flush32         rep1:  6293TF clk 2062/2062/2062
  [C] br=flush32         rep2:  6298TF clk 2062/2062/2062
  [C] br=flushA          rep0:  6305TF clk 2062/2062/2062
  [C] br=flushA          rep1:  6338TF clk 2062/2062/2062
  [C] br=flushA          rep2:  6301TF clk 2062/2062/2062
  [C] br=sleep           rep0:  6310TF clk 2062/2062/2062
  [C] br=sleep           rep1:  6302TF clk 2062/2062/2062
  [C] br=sleep           rep2:  6299TF clk 2062/2062/2062
  [D] wu=2               rep0:  6283TF clk 2062/2062/2062
  [D] wu=2               rep1:  6108TF clk 2062/2062/2062
  [D] wu=2               rep2:  6246TF clk 1822/1822/2062
  [D] wu=10              rep0:  5989TF clk 1747/1822/1822
  [D] wu=10              rep1:  6107TF clk 1747/1747/1747
  [D] wu=10              rep2:  6099TF clk 1852/1852/1852
  [D] wu=30              rep0:  6095TF clk 1725/1725/1905
  [D] wu=30              rep1:  5680TF clk 1620/1620/1620
  [D] wu=30              rep2:  6191TF clk 1672/1672/1672
  [D] wu=60              rep0:  5863TF clk 1747/1800/1800
  [D] wu=60              rep1:  5864TF clk 1642/1642/1777
  [D] wu=60              rep2:  5780TF clk 1680/1800/1800
  [D] wu10+idle0.5       rep0:  6179TF clk 2062/2062/2062
  [D] wu10+idle0.5       rep1:  6199TF clk 2062/2062/2062
  [D] wu10+idle0.5       rep2:  6192TF clk 2062/2062/2062
  [E] graph+nt5+flush32  rep0:  6335TF clk 1912/1912/1912
  [E] graph+nt5+flush32  rep1:  6328TF clk 2062/2062/2062
  [E] graph+nt5+flush32  rep2:  6321TF clk 2062/2062/2062
  [E] event+nt5+flushA   rep0:  6316TF clk 2062/2062/2062
  [E] event+nt5+flushA   rep1:  6311TF clk 2062/2062/2062
  [E] event+nt5+flushA   rep2:  6307TF clk 2062/2062/2062
  [E] event+nt1+sleep    rep0:  6311TF clk 2062/2062/2062
  [E] event+nt1+sleep    rep1:  6311TF clk 2062/2062/2062
  [E] event+nt1+sleep    rep2:  6311TF clk 2062/2062/2062

===== shape 32768x32768x16384 =====
  kernel~5.367ms, HBM write BW~6.2TB/s
  [A] bench_kineto       rep0:  6428TF clk 1477/1477/2062
  [A] bench_kineto       rep1:  6359TF clk 1545/1545/1680
  [A] bench_kineto       rep2:  6286TF clk 1680/2017/2017
  [A] event(B)           rep0:  6555TF clk 1530/1530/1545
  [A] event(B)           rep1:  6056TF clk 1545/1582/1582
  [A] event(B)           rep2:  5955TF clk 1462/1462/1462
  [A] graph              rep0:  6198TF clk 1597/1597/1695
  [A] graph              rep1:  6391TF clk 1507/1507/1695
  [A] graph              rep2:  6279TF clk 1590/1590/1590
  [A] event+sync         rep0:  6190TF clk 1522/1522/1575
  [A] event+sync         rep1:  5896TF clk 1590/1590/1590
  [A] event+sync         rep2:  6197TF clk 1402/1402/1545
  [B] nt=1               rep0:  5965TF clk 1545/1545/1545
  [B] nt=1               rep1:  6170TF clk 1477/1477/1477
  [B] nt=1               rep2:  6255TF clk 1522/1522/1522
  [B] nt=5               rep0:  6052TF clk 1477/1477/1477
  [B] nt=5               rep1:  6320TF clk 1485/1485/1485
  [B] nt=5               rep2:  6056TF clk 1575/1575/1575
  [B] nt=10              rep0:  6051TF clk 1477/1545/1545
  [B] nt=10              rep1:  6095TF clk 1477/1522/1522
  [B] nt=10              rep2:  6158TF clk 1582/1582/1582
  [B] nt=30              rep0:  6124TF clk 1462/1522/1567
  [B] nt=30              rep1:  6182TF clk 1500/1515/1522
  [B] nt=30              rep2:  6183TF clk 1462/1530/1545
  [C] br=none            rep0:  5672TF clk 1372/1372/1530
  [C] br=none            rep1:  5674TF clk 1342/1342/1372
  [C] br=none            rep2:  5562TF clk 1380/1380/1380
  [C] br=flush8          rep0:  6319TF clk 1372/1372/1582
  [C] br=flush8          rep1:  6175TF clk 1530/1530/1582
  [C] br=flush8          rep2:  6336TF clk 1515/1515/1582
  [C] br=flush32         rep0:  6998TF clk 1800/1800/1800
  [C] br=flush32         rep1:  7039TF clk 2062/2062/2062
  [C] br=flush32         rep2:  6999TF clk 2017/2017/2055
  [C] br=flushA          rep0:  6999TF clk 1935/1935/1980
  [C] br=flushA          rep1:  7020TF clk 1995/1995/2040
  [C] br=flushA          rep2:  7020TF clk 2032/2032/2040
  [C] br=sleep           rep0:  6901TF clk 2062/2062/2062
  [C] br=sleep           rep1:  6903TF clk 2062/2062/2062
  [C] br=sleep           rep2:  6905TF clk 2062/2062/2062
  [D] wu=2               rep0:  6664TF clk 1665/2062/2062
  [D] wu=2               rep1:  6540TF clk 1665/1665/1665
  [D] wu=2               rep2:  6385TF clk 1650/1650/1650
  [D] wu=10              rep0:  6419TF clk 1560/1560/1627
  [D] wu=10              rep1:  6379TF clk 1627/1627/1627
  [D] wu=10              rep2:  5947TF clk 1500/1500/1500
  [D] wu=30              rep0:  6049TF clk 1492/1492/1492
  [D] wu=30              rep1:  6247TF clk 1507/1545/1545
  [D] wu=30              rep2:  6085TF clk 1485/1560/1560
  [D] wu=60              rep0:  6062TF clk 1477/1560/1560
  [D] wu=60              rep1:  6135TF clk 1582/1582/1582
  [D] wu=60              rep2:  6070TF clk 1500/1500/1500
  [D] wu10+idle0.5       rep0:  6749TF clk 2062/2062/2062
  [D] wu10+idle0.5       rep1:  6728TF clk 2062/2062/2062
  [D] wu10+idle0.5       rep2:  6765TF clk 2062/2062/2062
  [E] graph+nt5+flush32  rep0:  6883TF clk 1695/1721/1747
  [E] graph+nt5+flush32  rep1:  6882TF clk 2055/2055/2055
  [E] graph+nt5+flush32  rep2:  6900TF clk 1905/1905/1987
  [E] event+nt5+flushA   rep0:  6903TF clk 1987/2032/2032
  [E] event+nt5+flushA   rep1:  6888TF clk 1912/1912/1912
  [E] event+nt5+flushA   rep2:  6886TF clk 1837/1965/1965
  [E] event+nt1+sleep    rep0:  6912TF clk 2062/2062/2062
  [E] event+nt1+sleep    rep1:  6917TF clk 2062/2062/2062
  [E] event+nt1+sleep    rep2:  6906TF clk 2062/2062/2062

Done. Results -> /root/workspace/gb_gemm_benchmark/DeepGEMM/exp/results/freq_sweep.csv
